{
  "kind" : "root",
  "children" : [ {
    "kind" : "def:var",
    "range" : "1:1-1:6",
    "nameRange" : "1:5-1:6",
    "props" : {
      "name" : "a",
      "id" : "0x1530c8f40",
      "type" : "int"
    }
  } ]
}