{
  "success" : true,
  "message" : "OK",
  "items" : [
    {
      "name" : "hello",
      "range" : {
        "start" : {
          "line" : 1,
          "col" : 1
        },
        "end" : {
          "line" : 2,
          "col" : 28
        },
        "unknown" : false
      },
      "lineCount" : 2
    }
  ]
}
