{
  "success" : true,
  "message" : "OK",
  "items" : [
    {
      "name" : "Main",
      "range" : {
        "start" : {
          "line" : 7,
          "col" : 21
        },
        "end" : {
          "line" : 12,
          "col" : 10
        },
        "unknown" : false
      }
    }
  ]
}