{
  "success" : true,
  "message" : "OK",
  "edits" : [
    {
      "start" : {
        "line" : 2,
        "col" : 5
      },
      "end" : {
        "line" : 2,
        "col" : 9
      },
      "text" : "main2",
      "mode" : "Replace"
    }
  ]
}