---
success: true
message: "OK"
items:
- name: "main"
  line: 2
