{
  "success" : true,
  "message" : "OK",
  "items" : [
    {
      "name" : "main",
      "range" : {
        "start" : {
          "line" : 2,
          "col" : 1
        },
        "end" : {
          "line" : 5,
          "col" : 2
        },
        "unknown" : false
      }
    }
  ]
}