{
  "success" : true,
  "message" : "OK",
  "edits" : [
    {
      "start" : {
        "line" : 1,
        "col" : 5
      },
      "end" : {
        "line" : 1,
        "col" : 10
      },
      "text" : "hello2",
      "mode" : "Replace"
    }
  ]
}