{
  "success" : true,
  "message" : "OK",
  "items" : [
    {
      "name" : "main",
      "range" : {
        "start" : {
          "line" : 3,
          "col" : 1
        },
        "end" : {
          "line" : 6,
          "col" : 2
        },
        "unknown" : false
      },
      "lineCount" : 4
    }
  ]
}
