{
  "list" : [
    {
      "foo" : "foo1",
      "bar" : 1
    },
    {
      "foo" : "foo2",
      "bar" : 2
    }
  ]
}