{
  "success" : true,
  "message" : "OK",
  "items" : [
    {
      "name" : "main"
    }
  ]
}
